Welcome!
> Enter mode (machine/agent): Success: Logged into ATM mode
> 