Welcome!
> Enter mode (machine/agent): Error: Valid accounts list file not found
